#!/usr/bin/python3
"""Module that multiplies two matrices"""


def matrix_mul(m_a, m_b):
    """multiplies two matrices"""

    if not isinstance(m_a, list):
        raise TypeError('m_a must be a list')

    if not isinstance(m_b, list):
        raise TypeError('m_b must be a list')

    if m_a == [] or m_a == [[]]:
        raise ValueError("m_a can't be empty")
    for row in m_a:
        if not isinstance(row, list):
            raise TypeError('m_a must be a list of lists')
        for element in row:
            if not isinstance(element, (int, float)):
                raise TypeError('m_a should contain only integers or floats')
        if len(row) != len(m_a[0]):
            raise TypeError('each row of m_a must be of the same size')

        
    if m_b == [] or m_b == [[]]:
        raise ValueError("m_b can't be empty")
    for row in m_b:
        if not isinstance(row, list):

>>> add_integer(2, -5)
-3

>>> add_integer(-2.5, 3)
1

>>> add_integer(2)
100

>>> add_integer()
Traceback (most recent call last):
TypeError: add_integer() missing 1 required positional argument: 'a'

>>> add_integer({1, 2}, 4)
Traceback (most recent call last):
TypeError: a must be an integer

>>> add_integer(4, 'PLD')
Traceback (most recent call last):
TypeError: b must be an integer

>>> add_integer(float('inf'))
Traceback (most recent call last):
OverflowError: cannot convert float infinity to integer

>>> add_integer(float('NaN'))
Traceback (most recent call last):
ValueError: cannot convert float NaN to integer
            raise TypeError('m_b must be a list of lists')
        for element in row:
            if not isinstance(element, (int, float)):
                raise TypeError('m_b should contain only integers or floats')
        if len(row) != len(m_b[0]):
            raise TypeError('each row of m_b must be of the same size')

    if len(m_a[0]) != len(m_b):
        raise ValueError("m_a and m_b can't be multiplied")

    res = [[0 for x in range(len(m_b[0]))] for y in range(len(m_a))]

    for i in range(len(m_a)):
        for j in range(len(m_b[0])):
            for k in range(len(m_b)):
                res[i][j] += m_a[i][k] * m_b[k][j]

    return res
